chrA	startA	endA	strandA trinucA chrB	startB	endB	strandB	trinucB	chrC	startC	endC	strandC	trinucC
SCLG01000001.1	34890	34891	+	TCG	chr1	650002	650003	+	TTG	SCLH01000199.1	373145	373146	-	TCG
SCLG01000001.1	34906	34907	+	CGT	chr1	650018	650019	+	CGT	SCLH01000199.1	373129	373130	-	CTT
SCLG01000001.1	34909	34910	+	CGG	chr1	650021	650022	+	CAG	SCLH01000199.1	373126	373127	-	CGG